../drivers/Src/stm32f446xx_spi_driver.c:31:6:SPI_PeriClockControl	16	static
../drivers/Src/stm32f446xx_spi_driver.c:49:6:SPI_Init	24	static
../drivers/Src/stm32f446xx_spi_driver.c:86:6:SPI_DeInit	16	static
../drivers/Src/stm32f446xx_spi_driver.c:96:9:SPI_GetFlagStatus	16	static
../drivers/Src/stm32f446xx_spi_driver.c:106:6:SPI_SendData	24	static
../drivers/Src/stm32f446xx_spi_driver.c:127:6:SPI_ReceiveData	24	static
../drivers/Src/stm32f446xx_spi_driver.c:149:6:SPI_PeripheralControl	16	static
../drivers/Src/stm32f446xx_spi_driver.c:158:6:SPI_SSIConfig	16	static
../drivers/Src/stm32f446xx_spi_driver.c:166:6:SPI_SSOEConfig	16	static
../drivers/Src/stm32f446xx_spi_driver.c:176:6:SPI_IRQInterruptConfig	16	static
../drivers/Src/stm32f446xx_spi_driver.c:207:6:SPI_IRQPriorityConfig	24	static
../drivers/Src/stm32f446xx_spi_driver.c:216:9:SPI_SendDataIT	32	static
../drivers/Src/stm32f446xx_spi_driver.c:235:9:SPI_ReceiveDataIT	32	static
../drivers/Src/stm32f446xx_spi_driver.c:256:6:SPI_IRQHandling	24	static
../drivers/Src/stm32f446xx_spi_driver.c:288:13:SPI_Txe_Interrupt_Handle	16	static
../drivers/Src/stm32f446xx_spi_driver.c:311:13:SPI_Rxne_Interrupt_Handle	16	static
../drivers/Src/stm32f446xx_spi_driver.c:334:13:SPI_Ovr_Interrupt_Handle	24	static
../drivers/Src/stm32f446xx_spi_driver.c:348:6:SPI_CloseTransission	16	static
../drivers/Src/stm32f446xx_spi_driver.c:355:6:SPI_CloseReception	16	static
../drivers/Src/stm32f446xx_spi_driver.c:363:6:SPI_ClearOVRFlag	24	static
../drivers/Src/stm32f446xx_spi_driver.c:370:13:SPI_ApplicactionEventCallback	16	static
