../drivers/Src/stm32f446xx_usart_driver.c:10:6:USART_SetBaudRate	40	static
../drivers/Src/stm32f446xx_usart_driver.c:75:6:USART_Init	24	static
../drivers/Src/stm32f446xx_usart_driver.c:175:6:USART_PeripheralControl	16	static
../drivers/Src/stm32f446xx_usart_driver.c:192:6:USART_PeriClockControl	16	static
../drivers/Src/stm32f446xx_usart_driver.c:227:9:USART_GetFlagStatus	16	static
../drivers/Src/stm32f446xx_usart_driver.c:241:6:USART_SendData	32	static
../drivers/Src/stm32f446xx_usart_driver.c:293:6:USART_ReceiveData	32	static
../drivers/Src/stm32f446xx_usart_driver.c:358:9:USART_SendDataIT	32	static
../drivers/Src/stm32f446xx_usart_driver.c:386:9:USART_ReceiveDataIT	32	static
../drivers/Src/stm32f446xx_usart_driver.c:408:6:USART_ClearFlag	16	static
../drivers/Src/stm32f446xx_usart_driver.c:422:6:USART_IRQInterruptConfig	16	static
../drivers/Src/stm32f446xx_usart_driver.c:463:6:USART_IRQPriorityConfig	24	static
../drivers/Src/stm32f446xx_usart_driver.c:476:6:USART_IRQHandling	32	static
../drivers/Src/stm32f446xx_usart_driver.c:769:13:USART_ApplicationEventCallback	16	static
